Archive member included to satisfy reference by file (symbol)

c:/program files (x86)/gnu arm embedded toolchain/10 2021.10/bin/../lib/gcc/arm-none-eabi/10.3.1/../../../../arm-none-eabi/lib\libc.a(lib_a-errno.o)
                              src/syscalls.o (__errno)
c:/program files (x86)/gnu arm embedded toolchain/10 2021.10/bin/../lib/gcc/arm-none-eabi/10.3.1/../../../../arm-none-eabi/lib\libc.a(lib_a-impure.o)
                              c:/program files (x86)/gnu arm embedded toolchain/10 2021.10/bin/../lib/gcc/arm-none-eabi/10.3.1/../../../../arm-none-eabi/lib\libc.a(lib_a-errno.o) (_impure_ptr)
c:/program files (x86)/gnu arm embedded toolchain/10 2021.10/bin/../lib/gcc/arm-none-eabi/10.3.1/../../../../arm-none-eabi/lib\libc.a(lib_a-init.o)
                              startup/startup_stm32f407xx.o (__libc_init_array)

Discarded input sections

 .debug_frame   0x00000000       0x20 c:/program files (x86)/gnu arm embedded toolchain/10 2021.10/bin/../lib/gcc/arm-none-eabi/10.3.1/../../../../arm-none-eabi/lib\libc.a(lib_a-errno.o)
 .ARM.attributes
                0x00000000       0x2a c:/program files (x86)/gnu arm embedded toolchain/10 2021.10/bin/../lib/gcc/arm-none-eabi/10.3.1/../../../../arm-none-eabi/lib\libc.a(lib_a-errno.o)
 .ARM.attributes
                0x00000000       0x2a c:/program files (x86)/gnu arm embedded toolchain/10 2021.10/bin/../lib/gcc/arm-none-eabi/10.3.1/../../../../arm-none-eabi/lib\libc.a(lib_a-impure.o)
 .debug_frame   0x00000000       0x34 c:/program files (x86)/gnu arm embedded toolchain/10 2021.10/bin/../lib/gcc/arm-none-eabi/10.3.1/../../../../arm-none-eabi/lib\libc.a(lib_a-init.o)
 .ARM.attributes
                0x00000000       0x2a c:/program files (x86)/gnu arm embedded toolchain/10 2021.10/bin/../lib/gcc/arm-none-eabi/10.3.1/../../../../arm-none-eabi/lib\libc.a(lib_a-init.o)

Memory Configuration

Name             Origin             Length             Attributes
RAM              0x20000000         0x00020000         xrw
CCMRAM           0x10000000         0x00010000         xrw
FLASH            0x08000000         0x00100000         xr
*default*        0x00000000         0xffffffff

Linker script and memory map

LOAD src/main.o
LOAD src/system_stm32f4xx.o
LOAD src/syscalls.o
LOAD startup/startup_stm32f407xx.o
                0x20020000                _estack = (ORIGIN (RAM) + LENGTH (RAM))
                0x00000200                _Min_Heap_Size = 0x200
                0x00000400                _Min_Stack_Size = 0x400

.isr_vector     0x08000000      0x188
                0x08000000                . = ALIGN (0x4)
 *(.isr_vector)
 .isr_vector    0x08000000      0x188 startup/startup_stm32f407xx.o
                0x08000000                g_pfnVectors
                0x08000188                . = ALIGN (0x4)

.text           0x08000188      0x4d4
                0x08000188                . = ALIGN (0x4)
 *(.text)
 .text          0x08000188       0xc0 src/main.o
                0x08000188                main
                0x08000214                delay_ms
 .text          0x08000248       0xf8 src/system_stm32f4xx.o
                0x08000248                SystemInit
                0x08000254                SystemCoreClockUpdate
 .text          0x08000340      0x21a src/syscalls.o
                0x08000340                initialise_monitor_handles
                0x0800034c                _getpid
                0x0800035a                _kill
                0x0800037a                _exit
                0x0800038e                _read
                0x080003c8                _write
                0x08000400                _close
                0x08000416                _fstat
                0x08000434                _isatty
                0x08000448                _lseek
                0x08000460                _open
                0x0800047a                _wait
                0x08000498                _unlink
                0x080004b6                _times
                0x080004cc                _stat
                0x080004ea                _link
                0x0800050a                _fork
                0x08000520                _execve
                0x08000542                _init
                0x0800054e                _fini
 .text          0x0800055a       0x14 startup/startup_stm32f407xx.o
 .text          0x0800056e        0x0 c:/program files (x86)/gnu arm embedded toolchain/10 2021.10/bin/../lib/gcc/arm-none-eabi/10.3.1/../../../../arm-none-eabi/lib\libc.a(lib_a-errno.o)
 .text          0x0800056e        0x0 c:/program files (x86)/gnu arm embedded toolchain/10 2021.10/bin/../lib/gcc/arm-none-eabi/10.3.1/../../../../arm-none-eabi/lib\libc.a(lib_a-impure.o)
 .text          0x0800056e        0x0 c:/program files (x86)/gnu arm embedded toolchain/10 2021.10/bin/../lib/gcc/arm-none-eabi/10.3.1/../../../../arm-none-eabi/lib\libc.a(lib_a-init.o)
 *(.text*)
 *fill*         0x0800056e        0x2 
 .text.Reset_Handler
                0x08000570       0x50 startup/startup_stm32f407xx.o
                0x08000570                Reset_Handler
 .text.Default_Handler
                0x080005c0        0x2 startup/startup_stm32f407xx.o
                0x080005c0                RTC_Alarm_IRQHandler
                0x080005c0                HASH_RNG_IRQHandler
                0x080005c0                EXTI2_IRQHandler
                0x080005c0                TIM8_CC_IRQHandler
                0x080005c0                DebugMon_Handler
                0x080005c0                TIM1_CC_IRQHandler
                0x080005c0                DMA2_Stream5_IRQHandler
                0x080005c0                HardFault_Handler
                0x080005c0                DMA1_Stream5_IRQHandler
                0x080005c0                SysTick_Handler
                0x080005c0                PVD_IRQHandler
                0x080005c0                SDIO_IRQHandler
                0x080005c0                TAMP_STAMP_IRQHandler
                0x080005c0                PendSV_Handler
                0x080005c0                NMI_Handler
                0x080005c0                CAN2_RX1_IRQHandler
                0x080005c0                EXTI3_IRQHandler
                0x080005c0                TIM8_TRG_COM_TIM14_IRQHandler
                0x080005c0                TIM1_UP_TIM10_IRQHandler
                0x080005c0                TIM8_UP_TIM13_IRQHandler
                0x080005c0                I2C3_ER_IRQHandler
                0x080005c0                EXTI0_IRQHandler
                0x080005c0                I2C2_EV_IRQHandler
                0x080005c0                DMA1_Stream2_IRQHandler
                0x080005c0                CAN1_RX0_IRQHandler
                0x080005c0                FPU_IRQHandler
                0x080005c0                OTG_HS_WKUP_IRQHandler
                0x080005c0                UsageFault_Handler
                0x080005c0                CAN2_SCE_IRQHandler
                0x080005c0                DMA2_Stream2_IRQHandler
                0x080005c0                SPI1_IRQHandler
                0x080005c0                TIM6_DAC_IRQHandler
                0x080005c0                TIM1_BRK_TIM9_IRQHandler
                0x080005c0                DCMI_IRQHandler
                0x080005c0                CAN2_RX0_IRQHandler
                0x080005c0                DMA2_Stream3_IRQHandler
                0x080005c0                USART6_IRQHandler
                0x080005c0                USART3_IRQHandler
                0x080005c0                CAN1_RX1_IRQHandler
                0x080005c0                UART5_IRQHandler
                0x080005c0                DMA2_Stream0_IRQHandler
                0x080005c0                TIM4_IRQHandler
                0x080005c0                I2C1_EV_IRQHandler
                0x080005c0                DMA1_Stream6_IRQHandler
                0x080005c0                DMA1_Stream1_IRQHandler
                0x080005c0                UART4_IRQHandler
                0x080005c0                TIM3_IRQHandler
                0x080005c0                RCC_IRQHandler
                0x080005c0                TIM8_BRK_TIM12_IRQHandler
                0x080005c0                Default_Handler
                0x080005c0                EXTI15_10_IRQHandler
                0x080005c0                ADC_IRQHandler
                0x080005c0                DMA1_Stream7_IRQHandler
                0x080005c0                TIM7_IRQHandler
                0x080005c0                CAN2_TX_IRQHandler
                0x080005c0                TIM5_IRQHandler
                0x080005c0                DMA2_Stream7_IRQHandler
                0x080005c0                I2C3_EV_IRQHandler
                0x080005c0                EXTI9_5_IRQHandler
                0x080005c0                RTC_WKUP_IRQHandler
                0x080005c0                ETH_WKUP_IRQHandler
                0x080005c0                SPI2_IRQHandler
                0x080005c0                OTG_HS_EP1_IN_IRQHandler
                0x080005c0                MemManage_Handler
                0x080005c0                DMA1_Stream0_IRQHandler
                0x080005c0                CAN1_TX_IRQHandler
                0x080005c0                SVC_Handler
                0x080005c0                EXTI4_IRQHandler
                0x080005c0                FSMC_IRQHandler
                0x080005c0                ETH_IRQHandler
                0x080005c0                OTG_HS_EP1_OUT_IRQHandler
                0x080005c0                WWDG_IRQHandler
                0x080005c0                TIM2_IRQHandler
                0x080005c0                OTG_FS_WKUP_IRQHandler
                0x080005c0                TIM1_TRG_COM_TIM11_IRQHandler
                0x080005c0                OTG_HS_IRQHandler
                0x080005c0                EXTI1_IRQHandler
                0x080005c0                USART2_IRQHandler
                0x080005c0                I2C2_ER_IRQHandler
                0x080005c0                DMA2_Stream1_IRQHandler
                0x080005c0                CAN1_SCE_IRQHandler
                0x080005c0                FLASH_IRQHandler
                0x080005c0                DMA2_Stream4_IRQHandler
                0x080005c0                BusFault_Handler
                0x080005c0                USART1_IRQHandler
                0x080005c0                OTG_FS_IRQHandler
                0x080005c0                SPI3_IRQHandler
                0x080005c0                DMA1_Stream4_IRQHandler
                0x080005c0                I2C1_ER_IRQHandler
                0x080005c0                DMA2_Stream6_IRQHandler
                0x080005c0                DMA1_Stream3_IRQHandler
 *fill*         0x080005c2        0x2 
 .text.__errno  0x080005c4       0x10 c:/program files (x86)/gnu arm embedded toolchain/10 2021.10/bin/../lib/gcc/arm-none-eabi/10.3.1/../../../../arm-none-eabi/lib\libc.a(lib_a-errno.o)
                0x080005c4                __errno
 .text.__libc_init_array
                0x080005d4       0x88 c:/program files (x86)/gnu arm embedded toolchain/10 2021.10/bin/../lib/gcc/arm-none-eabi/10.3.1/../../../../arm-none-eabi/lib\libc.a(lib_a-init.o)
                0x080005d4                __libc_init_array
 *(.glue_7)
 .glue_7        0x0800065c        0x0 linker stubs
 *(.glue_7t)
 .glue_7t       0x0800065c        0x0 linker stubs
 *(.eh_frame)
 *(.init)
 *(.fini)
                0x0800065c                . = ALIGN (0x4)
                0x0800065c                _etext = .

.vfp11_veneer   0x0800065c        0x0
 .vfp11_veneer  0x0800065c        0x0 linker stubs

.v4_bx          0x0800065c        0x0
 .v4_bx         0x0800065c        0x0 linker stubs

.iplt           0x0800065c        0x0
 .iplt          0x0800065c        0x0 src/main.o

.rodata         0x0800065c       0x1c
                0x0800065c                . = ALIGN (0x4)
 *(.rodata)
 .rodata        0x0800065c       0x18 src/system_stm32f4xx.o
                0x0800065c                AHBPrescTable
                0x0800066c                APBPrescTable
 *(.rodata*)
 .rodata._global_impure_ptr
                0x08000674        0x4 c:/program files (x86)/gnu arm embedded toolchain/10 2021.10/bin/../lib/gcc/arm-none-eabi/10.3.1/../../../../arm-none-eabi/lib\libc.a(lib_a-impure.o)
                0x08000674                _global_impure_ptr
                0x08000678                . = ALIGN (0x4)

.rel.dyn        0x08000678        0x0
 .rel.iplt      0x08000678        0x0 src/main.o

.ARM.extab      0x08000678        0x0
                0x08000678                . = ALIGN (0x4)
 *(.ARM.extab* .gnu.linkonce.armextab.*)
                0x08000678                . = ALIGN (0x4)

.ARM            0x08000678        0x0
                0x08000678                . = ALIGN (0x4)
                0x08000678                __exidx_start = .
 *(.ARM.exidx*)
                0x08000678                __exidx_end = .
                0x08000678                . = ALIGN (0x4)

.preinit_array  0x08000678        0x0
                0x08000678                . = ALIGN (0x4)
                0x08000678                PROVIDE (__preinit_array_start = .)
 *(.preinit_array*)
                0x08000678                PROVIDE (__preinit_array_end = .)
                0x08000678                . = ALIGN (0x4)

.init_array     0x08000678        0x0
                0x08000678                . = ALIGN (0x4)
                0x08000678                PROVIDE (__init_array_start = .)
 *(SORT_BY_NAME(.init_array.*))
 *(.init_array*)
                0x08000678                PROVIDE (__init_array_end = .)
                0x08000678                . = ALIGN (0x4)

.fini_array     0x08000678        0x0
                0x08000678                . = ALIGN (0x4)
                [!provide]                PROVIDE (__fini_array_start = .)
 *(SORT_BY_NAME(.fini_array.*))
 *(.fini_array*)
                [!provide]                PROVIDE (__fini_array_end = .)
                0x08000678                . = ALIGN (0x4)
                0x08000678                _sidata = LOADADDR (.data)

.data           0x20000000      0x438 load address 0x08000678
                0x20000000                . = ALIGN (0x4)
                0x20000000                _sdata = .
 *(.data)
 .data          0x20000000        0x0 src/main.o
 .data          0x20000000        0x4 src/system_stm32f4xx.o
                0x20000000                SystemCoreClock
 .data          0x20000004        0x4 src/syscalls.o
                0x20000004                environ
 .data          0x20000008        0x0 startup/startup_stm32f407xx.o
 .data          0x20000008        0x0 c:/program files (x86)/gnu arm embedded toolchain/10 2021.10/bin/../lib/gcc/arm-none-eabi/10.3.1/../../../../arm-none-eabi/lib\libc.a(lib_a-errno.o)
 .data          0x20000008        0x0 c:/program files (x86)/gnu arm embedded toolchain/10 2021.10/bin/../lib/gcc/arm-none-eabi/10.3.1/../../../../arm-none-eabi/lib\libc.a(lib_a-impure.o)
 .data          0x20000008        0x0 c:/program files (x86)/gnu arm embedded toolchain/10 2021.10/bin/../lib/gcc/arm-none-eabi/10.3.1/../../../../arm-none-eabi/lib\libc.a(lib_a-init.o)
 *(.data*)
 .data._impure_ptr
                0x20000008        0x4 c:/program files (x86)/gnu arm embedded toolchain/10 2021.10/bin/../lib/gcc/arm-none-eabi/10.3.1/../../../../arm-none-eabi/lib\libc.a(lib_a-impure.o)
                0x20000008                _impure_ptr
 *fill*         0x2000000c        0x4 
 .data.impure_data
                0x20000010      0x428 c:/program files (x86)/gnu arm embedded toolchain/10 2021.10/bin/../lib/gcc/arm-none-eabi/10.3.1/../../../../arm-none-eabi/lib\libc.a(lib_a-impure.o)
 *(.RamFunc)
 *(.RamFunc*)
                0x20000438                . = ALIGN (0x4)
                0x20000438                _edata = .
                0x08000ab0                _siccmram = LOADADDR (.ccmram)

.igot.plt       0x20000438        0x0 load address 0x08000ab0
 .igot.plt      0x20000438        0x0 src/main.o

.ccmram         0x10000000        0x0 load address 0x08000ab0
                0x10000000                . = ALIGN (0x4)
                0x10000000                _sccmram = .
 *(.ccmram)
 *(.ccmram*)
                0x10000000                . = ALIGN (0x4)
                0x10000000                _eccmram = .
                0x10000000                . = ALIGN (0x4)

.bss            0x20000438        0x4
                0x20000438                _sbss = .
                0x20000438                __bss_start__ = _sbss
 *(.bss)
 .bss           0x20000438        0x0 src/main.o
 .bss           0x20000438        0x0 src/system_stm32f4xx.o
 .bss           0x20000438        0x4 src/syscalls.o
                0x20000438                __env
 .bss           0x2000043c        0x0 startup/startup_stm32f407xx.o
 .bss           0x2000043c        0x0 c:/program files (x86)/gnu arm embedded toolchain/10 2021.10/bin/../lib/gcc/arm-none-eabi/10.3.1/../../../../arm-none-eabi/lib\libc.a(lib_a-errno.o)
 .bss           0x2000043c        0x0 c:/program files (x86)/gnu arm embedded toolchain/10 2021.10/bin/../lib/gcc/arm-none-eabi/10.3.1/../../../../arm-none-eabi/lib\libc.a(lib_a-impure.o)
 .bss           0x2000043c        0x0 c:/program files (x86)/gnu arm embedded toolchain/10 2021.10/bin/../lib/gcc/arm-none-eabi/10.3.1/../../../../arm-none-eabi/lib\libc.a(lib_a-init.o)
 *(.bss*)
 *(COMMON)
                0x2000043c                . = ALIGN (0x4)
                0x2000043c                _ebss = .
                0x2000043c                __bss_end__ = _ebss

._user_heap_stack
                0x2000043c      0x604
                0x20000440                . = ALIGN (0x8)
 *fill*         0x2000043c        0x4 
                [!provide]                PROVIDE (end = .)
                [!provide]                PROVIDE (_end = .)
                0x20000640                . = (. + _Min_Heap_Size)
 *fill*         0x20000440      0x200 
                0x20000a40                . = (. + _Min_Stack_Size)
 *fill*         0x20000640      0x400 
                0x20000a40                . = ALIGN (0x8)

/DISCARD/
 libc.a(*)
 libm.a(*)
 libgcc.a(*)
OUTPUT(blink.elf elf32-littlearm)
LOAD linker stubs
LOAD c:/program files (x86)/gnu arm embedded toolchain/10 2021.10/bin/../lib/gcc/arm-none-eabi/10.3.1/../../../../arm-none-eabi/lib\libc.a
LOAD c:/program files (x86)/gnu arm embedded toolchain/10 2021.10/bin/../lib/gcc/arm-none-eabi/10.3.1/../../../../arm-none-eabi/lib\libm.a
LOAD c:/program files (x86)/gnu arm embedded toolchain/10 2021.10/bin/../lib/gcc/arm-none-eabi/10.3.1\libgcc.a

.debug_info     0x00000000      0xd7e
 .debug_info    0x00000000      0x345 src/main.o
 .debug_info    0x00000345      0x345 src/system_stm32f4xx.o
 .debug_info    0x0000068a      0x6d2 src/syscalls.o
 .debug_info    0x00000d5c       0x22 startup/startup_stm32f407xx.o

.debug_abbrev   0x00000000      0x3ae
 .debug_abbrev  0x00000000       0xf5 src/main.o
 .debug_abbrev  0x000000f5      0x113 src/system_stm32f4xx.o
 .debug_abbrev  0x00000208      0x194 src/syscalls.o
 .debug_abbrev  0x0000039c       0x12 startup/startup_stm32f407xx.o

.debug_aranges  0x00000000       0x88
 .debug_aranges
                0x00000000       0x20 src/main.o
 .debug_aranges
                0x00000020       0x20 src/system_stm32f4xx.o
 .debug_aranges
                0x00000040       0x20 src/syscalls.o
 .debug_aranges
                0x00000060       0x28 startup/startup_stm32f407xx.o

.debug_line     0x00000000      0x54e
 .debug_line    0x00000000      0x121 src/main.o
 .debug_line    0x00000121      0x15a src/system_stm32f4xx.o
 .debug_line    0x0000027b      0x255 src/syscalls.o
 .debug_line    0x000004d0       0x7e startup/startup_stm32f407xx.o

.debug_str      0x00000000      0x4f8
 .debug_str     0x00000000      0x227 src/main.o
                                0x269 (size before relaxing)
 .debug_str     0x00000227       0x87 src/system_stm32f4xx.o
                                0x2a5 (size before relaxing)
 .debug_str     0x000002ae      0x21e src/syscalls.o
                                0x388 (size before relaxing)
 .debug_str     0x000004cc       0x2c startup/startup_stm32f407xx.o
                                 0x50 (size before relaxing)

.comment        0x00000000       0x49
 .comment       0x00000000       0x49 src/main.o
                                 0x4a (size before relaxing)
 .comment       0x00000049       0x4a src/system_stm32f4xx.o
 .comment       0x00000049       0x4a src/syscalls.o

.ARM.attributes
                0x00000000       0x2e
 .ARM.attributes
                0x00000000       0x2e src/main.o
 .ARM.attributes
                0x0000002e       0x2e src/system_stm32f4xx.o
 .ARM.attributes
                0x0000005c       0x2e src/syscalls.o
 .ARM.attributes
                0x0000008a       0x21 startup/startup_stm32f407xx.o

.debug_frame    0x00000000      0x398
 .debug_frame   0x00000000       0x54 src/main.o
 .debug_frame   0x00000054       0x58 src/system_stm32f4xx.o
 .debug_frame   0x000000ac      0x2ec src/syscalls.o

.debug_ranges   0x00000000       0x20
 .debug_ranges  0x00000000       0x20 startup/startup_stm32f407xx.o
